Nombre d'allumettes restantes : 13
Xavier, combien d'allumettes ? Xavier prend 1 allumette.

Nombre d'allumettes restantes : 12
Ordinateur prend 3 allumettes.

Nombre d'allumettes restantes : 9
Xavier, combien d'allumettes ? Xavier prend 3 allumettes.

Nombre d'allumettes restantes : 6
Ordinateur prend 1 allumette.

Nombre d'allumettes restantes : 5
Xavier, combien d'allumettes ? [Une allumette en moins, plus que 4. Chut !]
Xavier, combien d'allumettes ? Xavier prend 3 allumettes.

Nombre d'allumettes restantes : 1
Ordinateur prend 1 allumette.

Ordinateur perd !
Xavier gagne !
