Nombre d'allumettes restantes : 13
[Je triche...]
Abandon de la partie car J1 triche !
