Nombre d'allumettes restantes : 13
Ordinateur prend 3 allumettes.

Nombre d'allumettes restantes : 10
[Je triche...]
Abandon de la partie car Tricheur triche !
