Nombre d'allumettes restantes : 13
Ordinateur prend 3 allumettes.

Nombre d'allumettes restantes : 10
[Je triche...]
[Allumettes restantes : 2]
Tricheur prend 1 allumette.

Nombre d'allumettes restantes : 1
Ordinateur prend 1 allumette.

Ordinateur perd !
Tricheur gagne !
